<html>
<body>
<pre>
<h1>µVision Build Log</h1>
<h2>Project:</h2>
E:\da14580\DA1458x_DSPS\v_5.150.2\projects\target_apps\dsps\sps_device\Keil_5\sps_device.uvprojx
Project File Date:  07/11/2018

<h2>Output:</h2>
Build target 'sps_device_580'
compiling system_ARMCM0.c...
compiling hardfault_handler.c...
compiling nmi_handler.c...
compiling arch_console.c...
compiling nvds.c...
compiling arch_main.c...
compiling jump_table.c...
compiling arch_sleep.c...
compiling arch_system.c...
compiling arch_patch.c...
compiling wlan_coex.c...
compiling uart_ext_wkup.c...
compiling syscntl.c...
compiling gpio.c...
..\..\..\..\..\sdk_580\sdk\platform\driver\gpio\gpio.c(119): warning:  #1215-D: #warning directive: "GPIO assignment checking is active! Deactivate before burning OTP..."
          #warning "GPIO assignment checking is active! Deactivate before burning OTP..."
..\..\..\..\..\sdk_580\sdk\platform\driver\gpio\gpio.c: 1 warning, 0 errors
compiling battery.c...
compiling adc.c...
compiling trng.c...
compiling systick.c...
compiling uart2.c...
compiling rf_580.c...
compiling rwble.c...
compiling rwip.c...
compiling gapm.c...
compiling attm_db_128.c...
compiling prf_utils.c...
compiling app_default_handlers.c...
compiling app.c...
compiling app_task.c...
compiling app_security.c...
compiling app_security_task.c...
compiling app_entry_point.c...
compiling app_msg_utils.c...
compiling app_easy_msg_utils.c...
compiling app_easy_security.c...
compiling app_easy_timer.c...
compiling user_periph_setup.c...
compiling uart_sps.c...
compiling sps_server.c...
compiling sps_server_task.c...
compiling user_sps_device.c...
compiling user_sps_scheduler.c...
compiling user_spss.c...
compiling user_spss_task.c...
compiling user_buffer.c...
linking...
Program Size: Code=16152 RO-data=2424 RW-data=72 ZI-data=10200  
FromELF: creating hex file...
".\out_580\sps_device_580.axf" - 0 Error(s), 1 Warning(s).
</pre>
</body>
</html>
